// Jest Snapshot v1, https://goo.gl/fbAQLP

exports[`<DisplayComponent /> renders DisplayComponent with displayList 1`] = `
<div
  className="MuiContainer-root makeStyles-container-1 MuiContainer-maxWidthLg"
>
  <ul
    aria-multiselectable={false}
    className="MuiTreeView-root makeStyles-root-2"
    role="tree"
  >
    <li
      aria-expanded={false}
      aria-selected={false}
      className="MuiTreeItem-root"
      onFocus={[Function]}
      onKeyDown={[Function]}
      role="treeitem"
      tabIndex={-1}
    >
      <div
        className="MuiTreeItem-content"
        onClick={[Function]}
        onMouseDown={[Function]}
      >
        <div
          className="MuiTreeItem-iconContainer"
        >
          <svg
            aria-hidden="true"
            className="MuiSvgIcon-root"
            focusable="false"
            role="presentation"
            viewBox="0 0 24 24"
          >
            <path
              d="M10 6L8.59 7.41 13.17 12l-4.58 4.59L10 18l6-6z"
            />
          </svg>
        </div>
        <div
          className="MuiTypography-root MuiTreeItem-label MuiTypography-body1"
        >
          express
        </div>
      </div>
    </li>
  </ul>
</div>
`;

exports[`<DisplayComponent /> renders DisplayComponent with empty displayList 1`] = `null`;
